[[1;34mINFO[m] Scanning for projects...
[[1;33mWARNING[m] 
[[1;33mWARNING[m] Some problems were encountered while building the effective model for com.example:RAG-one:jar:0.0.1-SNAPSHOT
[[1;33mWARNING[m] 'dependencies.dependency.(groupId:artifactId:type:classifier)' must be unique: org.springframework.boot:spring-boot-starter-data-redis:jar -> duplicate declaration of version (?) @ line 147, column 21
[[1;33mWARNING[m] 
[[1;33mWARNING[m] It is highly recommended to fix these problems because they threaten the stability of your build.
[[1;33mWARNING[m] 
[[1;33mWARNING[m] For this reason, future Maven versions might no longer support building such malformed projects.
[[1;33mWARNING[m] 
[[1;34mINFO[m] 
[[1;34mINFO[m] [1m------------------------< [0;36mcom.example:RAG-one[0;1m >-------------------------[m
[[1;34mINFO[m] [1mBuilding RAG-one 0.0.1-SNAPSHOT[m
[[1;34mINFO[m] [1m--------------------------------[ jar ]---------------------------------[m
[[1;34mINFO[m] 
[[1;34mINFO[m] [1m>>> [0;32mspring-boot-maven-plugin:3.5.6:run[m [1m(default-cli)[0;1m > [0;1mtest-compile[m @ [36mRAG-one[0;1m >>>[m
[[1;34mINFO[m] 
[[1;34mINFO[m] [1m--- [0;32mmaven-resources-plugin:3.3.1:resources[m [1m(default-resources)[m @ [36mRAG-one[0;1m ---[m
[[1;34mINFO[m] Copying 2 resources from src/main/resources to target/classes
[[1;34mINFO[m] Copying 0 resource from src/main/resources to target/classes
[[1;34mINFO[m] 
[[1;34mINFO[m] [1m--- [0;32mmaven-compiler-plugin:3.14.0:compile[m [1m(default-compile)[m @ [36mRAG-one[0;1m ---[m
[[1;34mINFO[m] Nothing to compile - all classes are up to date.
[[1;34mINFO[m] 
[[1;34mINFO[m] [1m--- [0;32mmaven-resources-plugin:3.3.1:testResources[m [1m(default-testResources)[m @ [36mRAG-one[0;1m ---[m
[[1;34mINFO[m] skip non existing resourceDirectory /home/a/IdeaProjects/RAG-one/src/test/resources
[[1;34mINFO[m] 
[[1;34mINFO[m] [1m--- [0;32mmaven-compiler-plugin:3.14.0:testCompile[m [1m(default-testCompile)[m @ [36mRAG-one[0;1m ---[m
[[1;34mINFO[m] Nothing to compile - all classes are up to date.
[[1;34mINFO[m] 
[[1;34mINFO[m] [1m<<< [0;32mspring-boot-maven-plugin:3.5.6:run[m [1m(default-cli)[0;1m < [0;1mtest-compile[m @ [36mRAG-one[0;1m <<<[m
[[1;34mINFO[m] 
[[1;34mINFO[m] 
[[1;34mINFO[m] [1m--- [0;32mspring-boot-maven-plugin:3.5.6:run[m [1m(default-cli)[m @ [36mRAG-one[0;1m ---[m
[[1;34mINFO[m] Attaching agents: []

  .   ____          _            __ _ _
 /\\ / ___'_ __ _ _(_)_ __  __ _ \ \ \ \
( ( )\___ | '_ | '_| | '_ \/ _` | \ \ \ \
 \\/  ___)| |_)| | | | | || (_| |  ) ) ) )
  '  |____| .__|_| |_|_| |_\__, | / / / /
 =========|_|==============|___/=/_/_/_/

 :: Spring Boot ::                (v3.5.6)

2025-09-26 12:36:29 - Starting RagOneApplication using Java 17.0.16 with PID 97104 (/home/a/IdeaProjects/RAG-one/target/classes started by a in /home/a/IdeaProjects/RAG-one)
2025-09-26 12:36:29 - Running with Spring Boot v3.5.6, Spring v6.2.11
2025-09-26 12:36:29 - No active profile set, falling back to 1 default profile: "default"
2025-09-26 12:36:29 - Multiple Spring Data modules found, entering strict repository configuration mode
2025-09-26 12:36:29 - Bootstrapping Spring Data JPA repositories in DEFAULT mode.
2025-09-26 12:36:29 - Finished Spring Data repository scanning in 84 ms. Found 9 JPA repository interfaces.
2025-09-26 12:36:29 - Multiple Spring Data modules found, entering strict repository configuration mode
2025-09-26 12:36:29 - Bootstrapping Spring Data Redis repositories in DEFAULT mode.
2025-09-26 12:36:29 - Spring Data Redis - Could not safely identify store assignment for repository candidate interface com.example.ragone.repository.CharacterProfileRepository; If you want this repository to be a Redis repository, consider annotating your entities with one of these annotations: org.springframework.data.redis.core.RedisHash (preferred), or consider extending one of the following types with your repository: org.springframework.data.keyvalue.repository.KeyValueRepository
2025-09-26 12:36:29 - Spring Data Redis - Could not safely identify store assignment for repository candidate interface com.example.ragone.repository.CharacterRepository; If you want this repository to be a Redis repository, consider annotating your entities with one of these annotations: org.springframework.data.redis.core.RedisHash (preferred), or consider extending one of the following types with your repository: org.springframework.data.keyvalue.repository.KeyValueRepository
2025-09-26 12:36:29 - Spring Data Redis - Could not safely identify store assignment for repository candidate interface com.example.ragone.repository.ChatHistoryRepository; If you want this repository to be a Redis repository, consider annotating your entities with one of these annotations: org.springframework.data.redis.core.RedisHash (preferred), or consider extending one of the following types with your repository: org.springframework.data.keyvalue.repository.KeyValueRepository
2025-09-26 12:36:29 - Spring Data Redis - Could not safely identify store assignment for repository candidate interface com.example.ragone.repository.DocumentChunkRepository; If you want this repository to be a Redis repository, consider annotating your entities with one of these annotations: org.springframework.data.redis.core.RedisHash (preferred), or consider extending one of the following types with your repository: org.springframework.data.keyvalue.repository.KeyValueRepository
2025-09-26 12:36:29 - Spring Data Redis - Could not safely identify store assignment for repository candidate interface com.example.ragone.repository.DocumentRepository; If you want this repository to be a Redis repository, consider annotating your entities with one of these annotations: org.springframework.data.redis.core.RedisHash (preferred), or consider extending one of the following types with your repository: org.springframework.data.keyvalue.repository.KeyValueRepository
2025-09-26 12:36:29 - Spring Data Redis - Could not safely identify store assignment for repository candidate interface com.example.ragone.repository.KnowledgeBaseRepository; If you want this repository to be a Redis repository, consider annotating your entities with one of these annotations: org.springframework.data.redis.core.RedisHash (preferred), or consider extending one of the following types with your repository: org.springframework.data.keyvalue.repository.KeyValueRepository
2025-09-26 12:36:29 - Spring Data Redis - Could not safely identify store assignment for repository candidate interface com.example.ragone.repository.RolePlayHistoryRepository; If you want this repository to be a Redis repository, consider annotating your entities with one of these annotations: org.springframework.data.redis.core.RedisHash (preferred), or consider extending one of the following types with your repository: org.springframework.data.keyvalue.repository.KeyValueRepository
2025-09-26 12:36:29 - Spring Data Redis - Could not safely identify store assignment for repository candidate interface com.example.ragone.repository.RolePlaySessionRepository; If you want this repository to be a Redis repository, consider annotating your entities with one of these annotations: org.springframework.data.redis.core.RedisHash (preferred), or consider extending one of the following types with your repository: org.springframework.data.keyvalue.repository.KeyValueRepository
2025-09-26 12:36:29 - Spring Data Redis - Could not safely identify store assignment for repository candidate interface com.example.ragone.repository.UserRepository; If you want this repository to be a Redis repository, consider annotating your entities with one of these annotations: org.springframework.data.redis.core.RedisHash (preferred), or consider extending one of the following types with your repository: org.springframework.data.keyvalue.repository.KeyValueRepository
2025-09-26 12:36:29 - Finished Spring Data repository scanning in 6 ms. Found 0 Redis repository interfaces.
2025-09-26 12:36:30 - Tomcat initialized with port 8080 (http)
2025-09-26 12:36:30 - Starting service [Tomcat]
2025-09-26 12:36:30 - Starting Servlet engine: [Apache Tomcat/10.1.46]
2025-09-26 12:36:30 - Initializing Spring embedded WebApplicationContext
2025-09-26 12:36:30 - Root WebApplicationContext: initialization completed in 985 ms
2025-09-26 12:36:30 - HHH000204: Processing PersistenceUnitInfo [name: default]
2025-09-26 12:36:30 - HHH000412: Hibernate ORM core version 6.6.29.Final
2025-09-26 12:36:30 - HHH000026: Second-level cache disabled
2025-09-26 12:36:30 - No LoadTimeWeaver setup: ignoring JPA class transformer
2025-09-26 12:36:30 - HikariPool-1 - Starting...
2025-09-26 12:36:30 - HikariPool-1 - Added connection org.postgresql.jdbc.PgConnection@674e4c82
2025-09-26 12:36:30 - HikariPool-1 - Start completed.
2025-09-26 12:36:30 - HHH90000025: PostgreSQLDialect does not need to be specified explicitly using 'hibernate.dialect' (remove the property setting and it will be selected by default)
2025-09-26 12:36:30 - HHH10001005: Database info:
	Database JDBC URL [Connecting through datasource 'HikariDataSource (HikariPool-1)']
	Database driver: undefined/unknown
	Database version: 16.10
	Autocommit mode: undefined/unknown
	Isolation level: undefined/unknown
	Minimum pool size: undefined/unknown
	Maximum pool size: undefined/unknown
2025-09-26 12:36:31 - HHH000489: No JTA platform available (set 'hibernate.transaction.jta.platform' to enable JTA platform integration)
2025-09-26 12:36:31 - Initialized JPA EntityManagerFactory for persistence unit 'default'
2025-09-26 12:36:31 - Filter 'jwtAuthenticationFilter' configured for use
2025-09-26 12:36:31 - Global AuthenticationManager configured with UserDetailsService bean with name userDetailsServiceImpl
2025-09-26 12:36:31 - Hibernate is in classpath; If applicable, HQL parser will be used.
2025-09-26 12:36:33 - spring.jpa.open-in-view is enabled by default. Therefore, database queries may be performed during view rendering. Explicitly configure spring.jpa.open-in-view to disable this warning
2025-09-26 12:36:33 - Will secure any request with filters: DisableEncodeUrlFilter, WebAsyncManagerIntegrationFilter, SecurityContextHolderFilter, HeaderWriterFilter, CorsFilter, LogoutFilter, JwtAuthenticationFilter, RequestCacheAwareFilter, SecurityContextHolderAwareRequestFilter, AnonymousAuthenticationFilter, SessionManagementFilter, ExceptionTranslationFilter, AuthorizationFilter
2025-09-26 12:36:33 - Tomcat started on port 8080 (http) with context path '/'
2025-09-26 12:36:33 - Started RagOneApplication in 4.68 seconds (process running for 4.877)
2025-09-26 12:36:39 - Initializing Spring DispatcherServlet 'dispatcherServlet'
2025-09-26 12:36:39 - Initializing Servlet 'dispatcherServlet'
2025-09-26 12:36:39 - Completed initialization in 1 ms
2025-09-26 12:36:39 - Securing POST /api/auth/register
2025-09-26 12:36:39 - Processing request: POST /api/auth/register, JWT token present: false
2025-09-26 12:36:39 - No JWT token found in request headers
2025-09-26 12:36:39 - Set SecurityContextHolder to anonymous SecurityContext
2025-09-26 12:36:39 - Secured POST /api/auth/register
Hibernate: 
    select
        u1_0.id 
    from
        users u1_0 
    where
        u1_0.username=? 
    fetch
        first ? rows only
Hibernate: 
    select
        u1_0.id 
    from
        users u1_0 
    where
        u1_0.email=? 
    fetch
        first ? rows only
Hibernate: 
    insert 
    into
        users
        (is_account_non_expired, is_account_non_locked, created_at, is_credentials_non_expired, email, is_enabled, full_name, last_login_at, password, role, updated_at, username) 
    values
        (?, ?, ?, ?, ?, ?, ?, ?, ?, ?, ?, ?)
2025-09-26 12:36:46 - Securing POST /api/auth/login
2025-09-26 12:36:46 - Processing request: POST /api/auth/login, JWT token present: false
2025-09-26 12:36:46 - No JWT token found in request headers
2025-09-26 12:36:46 - Set SecurityContextHolder to anonymous SecurityContext
2025-09-26 12:36:46 - Secured POST /api/auth/login
Hibernate: 
    select
        u1_0.id,
        u1_0.is_account_non_expired,
        u1_0.is_account_non_locked,
        u1_0.created_at,
        u1_0.is_credentials_non_expired,
        u1_0.email,
        u1_0.is_enabled,
        u1_0.full_name,
        u1_0.last_login_at,
        u1_0.password,
        u1_0.role,
        u1_0.updated_at,
        u1_0.username 
    from
        users u1_0 
    where
        u1_0.username=?
2025-09-26 12:36:46 - Authenticated user
2025-09-26 12:36:59 - Securing GET /api/roleplay/sessions
2025-09-26 12:36:59 - Processing request: GET /api/roleplay/sessions, JWT token present: true
2025-09-26 12:36:59 - JWT token found: eyJhbGciOiJIUzI1NiJ9...
2025-09-26 12:36:59 - JWT token is valid for user: testuser3
Hibernate: 
    select
        u1_0.id,
        u1_0.is_account_non_expired,
        u1_0.is_account_non_locked,
        u1_0.created_at,
        u1_0.is_credentials_non_expired,
        u1_0.email,
        u1_0.is_enabled,
        u1_0.full_name,
        u1_0.last_login_at,
        u1_0.password,
        u1_0.role,
        u1_0.updated_at,
        u1_0.username 
    from
        users u1_0 
    where
        u1_0.username=?
2025-09-26 12:36:59 - User testuser3 authenticated successfully
2025-09-26 12:36:59 - Secured GET /api/roleplay/sessions
Hibernate: 
    select
        rps1_0.id,
        rps1_0.character_id,
        rps1_0.created_at,
        rps1_0.last_activity_at,
        rps1_0.message_count,
        rps1_0.session_config,
        rps1_0.session_id,
        rps1_0.session_name,
        rps1_0.status,
        rps1_0.total_tokens,
        rps1_0.updated_at,
        rps1_0.user_id 
    from
        roleplay_sessions rps1_0 
    where
        rps1_0.user_id=? 
    order by
        rps1_0.last_activity_at desc 
    fetch
        first ? rows only
2025-09-26 12:37:14 - Securing POST /api/auth/login
2025-09-26 12:37:14 - Processing request: POST /api/auth/login, JWT token present: false
2025-09-26 12:37:14 - No JWT token found in request headers
2025-09-26 12:37:14 - Set SecurityContextHolder to anonymous SecurityContext
2025-09-26 12:37:14 - Secured POST /api/auth/login
Hibernate: 
    select
        u1_0.id,
        u1_0.is_account_non_expired,
        u1_0.is_account_non_locked,
        u1_0.created_at,
        u1_0.is_credentials_non_expired,
        u1_0.email,
        u1_0.is_enabled,
        u1_0.full_name,
        u1_0.last_login_at,
        u1_0.password,
        u1_0.role,
        u1_0.updated_at,
        u1_0.username 
    from
        users u1_0 
    where
        u1_0.username=?
2025-09-26 12:37:14 - Failed to authenticate since password does not match stored value
2025-09-26 12:37:14 - Authentication failed with provider DaoAuthenticationProvider since 用户名或密码错误
2025-09-26 12:37:14 - Unauthorized error: 用户名或密码错误 for path: /api/auth/login
2025-09-26 12:37:20 - Securing POST /api/auth/register
2025-09-26 12:37:20 - Processing request: POST /api/auth/register, JWT token present: false
2025-09-26 12:37:20 - No JWT token found in request headers
2025-09-26 12:37:20 - Set SecurityContextHolder to anonymous SecurityContext
2025-09-26 12:37:20 - Secured POST /api/auth/register
Hibernate: 
    select
        u1_0.id 
    from
        users u1_0 
    where
        u1_0.username=? 
    fetch
        first ? rows only
Hibernate: 
    select
        u1_0.id 
    from
        users u1_0 
    where
        u1_0.email=? 
    fetch
        first ? rows only
Hibernate: 
    insert 
    into
        users
        (is_account_non_expired, is_account_non_locked, created_at, is_credentials_non_expired, email, is_enabled, full_name, last_login_at, password, role, updated_at, username) 
    values
        (?, ?, ?, ?, ?, ?, ?, ?, ?, ?, ?, ?)
2025-09-26 12:37:27 - Securing POST /api/auth/login
2025-09-26 12:37:27 - Processing request: POST /api/auth/login, JWT token present: false
2025-09-26 12:37:27 - No JWT token found in request headers
2025-09-26 12:37:27 - Set SecurityContextHolder to anonymous SecurityContext
2025-09-26 12:37:27 - Secured POST /api/auth/login
Hibernate: 
    select
        u1_0.id,
        u1_0.is_account_non_expired,
        u1_0.is_account_non_locked,
        u1_0.created_at,
        u1_0.is_credentials_non_expired,
        u1_0.email,
        u1_0.is_enabled,
        u1_0.full_name,
        u1_0.last_login_at,
        u1_0.password,
        u1_0.role,
        u1_0.updated_at,
        u1_0.username 
    from
        users u1_0 
    where
        u1_0.username=?
2025-09-26 12:37:27 - Authenticated user
2025-09-26 12:40:01 - Commencing graceful shutdown. Waiting for active requests to complete
2025-09-26 12:40:01 - Graceful shutdown complete
2025-09-26 12:40:01 - Closing JPA EntityManagerFactory for persistence unit 'default'
2025-09-26 12:40:01 - HikariPool-1 - Shutdown initiated...
2025-09-26 12:40:01 - HikariPool-1 - Shutdown completed.
